
> ebay-dropship-ai@0.0.0 build
> vite build && node -e "require('fs').readdirSync('dist/assets').some(f => f.endsWith('.js') && require('fs').readFileSync('dist/assets/' + f, 'utf8').includes('createContext')) ? process.exit(0) : (console.error('Γ¥î ERROR: React Context missing from bundle'), process.exit(1))"

[36mvite v8.0.8 [32mbuilding client environment for production...[36m[39m
[2K
transforming...Γ£ô 2245 modules transformed.
node.exe : [31mΓ£ù[39m Build failed in 2.60s
At line:1 char:1
+ & "C:\Program Files\nodejs/node.exe" "C:\Program Files\nodejs/node_mo ...
+ ~~~~~~~~~~~~~~~~~~~~~~~~~~~~~~~~~~~~~~~~~~~~~~~~~~~~~~~~~~~~~~~~~~~~~
    + CategoryInfo          : NotSpecified: ([31mΓ£ù[39m Build failed in 2.60s:String) [], RemoteException
    + FullyQualifiedErrorId : NativeCommandError
 
[31merror during build:
[31mBuild failed with 8 errors:

[31m[UNRESOLVED_IMPORT] Error:[0m Could not resolve '../services/ebay_trading' in src/pages/PublishProduct.jsx
   [38;5;246mΓò¡[0m[38;5;246mΓöÇ[0m[38;5;246m[[0m src/pages/PublishProduct.jsx:3:25 [38;5;246m][0m
   [38;5;246mΓöé[0m
 [38;5;246m3 Γöé[0m 
[38;5;249mi[0m[38;5;249mm[0m[38;5;249mp[0m[38;5;249mo[0m[38;5;249mr[0m[38;5;249mt[0m[38;5;249m [0m[38;5;
249me[0m[38;5;249mb[0m[38;5;249ma[0m[38;5;249my[0m[38;5;249mT[0m[38;5;249mr[0m[38;5;249ma[0m[38;5;249md[
0m[38;5;249mi[0m[38;5;249mn[0m[38;5;249mg[0m[38;5;249m 
[0m[38;5;249mf[0m[38;5;249mr[0m[38;5;249mo[0m[38;5;249mm[0m[38;5;249m 
[0m"../services/ebay_trading"[38;5;249m;[0m
 [38;5;240m  Γöé[0m                         
ΓöÇΓöÇΓöÇΓöÇΓöÇΓöÇΓöÇΓöÇΓöÇΓöÇΓöÇΓöÇΓöÇΓö¼ΓöÇΓöÇΓöÇΓöÇΓöÇΓöÇΓöÇΓöÇΓöÇΓöÇΓöÇΓöÇ  
 [38;5;240m  Γöé[0m                                      Γò░ΓöÇΓöÇΓöÇΓöÇΓöÇΓöÇΓöÇΓöÇΓöÇΓöÇΓöÇΓöÇΓöÇΓöÇ Module not 
found.
 [38;5;240m  Γöé[0m 
 [38;5;240m  Γöé[0m [38;5;115mHelp[0m: 'src/pages/PublishProduct.jsx' is imported by the following path:
 [38;5;240m  Γöé[0m         - src/pages/PublishProduct.jsx
 [38;5;240m  Γöé[0m         - src/App.jsx
 [38;5;240m  Γöé[0m         - src/main.jsx
 [38;5;240m  Γöé[0m         - index.html
[38;5;246mΓöÇΓöÇΓöÇΓò»[0m

[31m[UNRESOLVED_IMPORT] Error:[0m Could not resolve '../services/ebay_trading' in src/pages/MyProducts.jsx
   [38;5;246mΓò¡[0m[38;5;246mΓöÇ[0m[38;5;246m[[0m src/pages/MyProducts.jsx:5:25 [38;5;246m][0m
   [38;5;246mΓöé[0m
 [38;5;246m5 Γöé[0m 
[38;5;249mi[0m[38;5;249mm[0m[38;5;249mp[0m[38;5;249mo[0m[38;5;249mr[0m[38;5;249mt[0m[38;5;249m [0m[38;5;
249me[0m[38;5;249mb[0m[38;5;249ma[0m[38;5;249my[0m[38;5;249mT[0m[38;5;249mr[0m[38;5;249ma[0m[38;5;249md[
0m[38;5;249mi[0m[38;5;249mn[0m[38;5;249mg[0m[38;5;249m 
[0m[38;5;249mf[0m[38;5;249mr[0m[38;5;249mo[0m[38;5;249mm[0m[38;5;249m 
[0m"../services/ebay_trading"[38;5;249m;[0m
 [38;5;240m  Γöé[0m                         
ΓöÇΓöÇΓöÇΓöÇΓöÇΓöÇΓöÇΓöÇΓöÇΓöÇΓöÇΓöÇΓöÇΓö¼ΓöÇΓöÇΓöÇΓöÇΓöÇΓöÇΓöÇΓöÇΓöÇΓöÇΓöÇΓöÇ  
 [38;5;240m  Γöé[0m                                      Γò░ΓöÇΓöÇΓöÇΓöÇΓöÇΓöÇΓöÇΓöÇΓöÇΓöÇΓöÇΓöÇΓöÇΓöÇ Module not 
found.
 [38;5;240m  Γöé[0m 
 [38;5;240m  Γöé[0m [38;5;115mHelp[0m: 'src/pages/MyProducts.jsx' is imported by the following path:
 [38;5;240m  Γöé[0m         - src/pages/MyProducts.jsx
 [38;5;240m  Γöé[0m         - src/App.jsx
 [38;5;240m  Γöé[0m         - src/main.jsx
 [38;5;240m  Γöé[0m         - index.html
[38;5;246mΓöÇΓöÇΓöÇΓò»[0m

[31m[UNRESOLVED_IMPORT] Error:[0m Could not resolve '../services/ebay_trading' in src/context/AuthContext.jsx
    [38;5;246mΓò¡[0m[38;5;246mΓöÇ[0m[38;5;246m[[0m src/context/AuthContext.jsx:60:55 [38;5;246m][0m
    [38;5;246mΓöé[0m
 [38;5;246m60 Γöé[0m [38;5;249m [0m[38;5;249m [0m[38;5;249m [0m[38;5;249m [0m[38;5;249m [0m[38;5;249m 
[0m[38;5;249m [0m[38;5;249m [0m[38;5;249m [0m[38;5;249m [0m[38;5;249m [0m[38;5;249m [0m[38;5;249m 
[0m[38;5;249m [0m[38;5;249m [0m[38;5;249m [0m[38;5;249m [0m[38;5;249m [0m[38;5;249m [0m[38;5;249m 
[0m[38;5;249mc[0m[38;5;249mo[0m[38;5;249mn[0m[38;5;249ms[0m[38;5;249mt[0m[38;5;249m 
[0m[38;5;249m{[0m[38;5;249m [0m[38;5;249md[0m[38;5;249me[0m[38;5;249mf[0m[38;5;249ma[0m[38;5;249mu[0m[3
8;5;249ml[0m[38;5;249mt[0m[38;5;249m:[0m[38;5;249m [0m[38;5;249me[0m[38;5;249mb[0m[38;5;249ma[0m[38;5;249
my[0m[38;5;249mT[0m[38;5;249mr[0m[38;5;249ma[0m[38;5;249md[0m[38;5;249mi[0m[38;5;249mn[0m[38;5;249mg[0m
[38;5;249m [0m[38;5;249m}[0m[38;5;249m [0m[38;5;249m=[0m[38;5;249m 
[0m[38;5;249ma[0m[38;5;249mw[0m[38;5;249ma[0m[38;5;249mi[0m[38;5;249mt[0m[38;5;249m [0m[38;5;249mi[0m[3
8;5;249mm[0m[38;5;249mp[0m[38;5;249mo[0m[38;5;249mr[0m[38;5;249mt[0m[38;5;249m([0m"../services/ebay_trading"
[38;5;249m)[0m[38;5;249m;[0m
 [38;5;240m   Γöé[0m                                                                   
ΓöÇΓöÇΓöÇΓöÇΓöÇΓöÇΓöÇΓöÇΓöÇΓöÇΓöÇΓöÇΓöÇΓö¼ΓöÇΓöÇΓöÇΓöÇΓöÇΓöÇΓöÇΓöÇΓöÇΓöÇΓöÇΓöÇ  
 [38;5;240m   Γöé[0m                                                                                
Γò░ΓöÇΓöÇΓöÇΓöÇΓöÇΓöÇΓöÇΓöÇΓöÇΓöÇΓöÇΓöÇΓöÇΓöÇ Module not found.
 [38;5;240m   Γöé[0m 
 [38;5;240m   Γöé[0m [38;5;115mHelp[0m: 'src/context/AuthContext.jsx' is imported by the following path:
 [38;5;240m   Γöé[0m         - src/context/AuthContext.jsx
 [38;5;240m   Γöé[0m         - src/App.jsx
 [38;5;240m   Γöé[0m         - src/main.jsx
 [38;5;240m   Γöé[0m         - index.html
[38;5;246mΓöÇΓöÇΓöÇΓöÇΓò»[0m

[31m[UNRESOLVED_IMPORT] Error:[0m Could not resolve '../services/ebay_trading' in src/pages/Analytics.jsx
   [38;5;246mΓò¡[0m[38;5;246mΓöÇ[0m[38;5;246m[[0m src/pages/Analytics.jsx:6:25 [38;5;246m][0m
   [38;5;246mΓöé[0m
 [38;5;246m6 Γöé[0m 
[38;5;249mi[0m[38;5;249mm[0m[38;5;249mp[0m[38;5;249mo[0m[38;5;249mr[0m[38;5;249mt[0m[38;5;249m [0m[38;5;
249me[0m[38;5;249mb[0m[38;5;249ma[0m[38;5;249my[0m[38;5;249mT[0m[38;5;249mr[0m[38;5;249ma[0m[38;5;249md[
0m[38;5;249mi[0m[38;5;249mn[0m[38;5;249mg[0m[38;5;249m 
[0m[38;5;249mf[0m[38;5;249mr[0m[38;5;249mo[0m[38;5;249mm[0m[38;5;249m 
[0m"../services/ebay_trading"[38;5;249m;[0m
 [38;5;240m  Γöé[0m                         
ΓöÇΓöÇΓöÇΓöÇΓöÇΓöÇΓöÇΓöÇΓöÇΓöÇΓöÇΓöÇΓöÇΓö¼ΓöÇΓöÇΓöÇΓöÇΓöÇΓöÇΓöÇΓöÇΓöÇΓöÇΓöÇΓöÇ  
 [38;5;240m  Γöé[0m                                      Γò░ΓöÇΓöÇΓöÇΓöÇΓöÇΓöÇΓöÇΓöÇΓöÇΓöÇΓöÇΓöÇΓöÇΓöÇ Module not 
found.
 [38;5;240m  Γöé[0m 
 [38;5;240m  Γöé[0m [38;5;115mHelp[0m: 'src/pages/Analytics.jsx' is imported by the following path:
 [38;5;240m  Γöé[0m         - src/pages/Analytics.jsx
 [38;5;240m  Γöé[0m         - src/App.jsx
 [38;5;240m  Γöé[0m         - src/main.jsx
 [38;5;240m  Γöé[0m         - index.html
[38;5;246mΓöÇΓöÇΓöÇΓò»[0m

[31m[UNRESOLVED_IMPORT] Error:[0m Could not resolve '../services/ebay_trading' in src/pages/Settings.jsx
    [38;5;246mΓò¡[0m[38;5;246mΓöÇ[0m[38;5;246m[[0m src/pages/Settings.jsx:49:50 [38;5;246m][0m
    [38;5;246mΓöé[0m
 [38;5;246m49 Γöé[0m [38;5;249m [0m[38;5;249m [0m[38;5;249m [0m[38;5;249m [0m[38;5;249m [0m[38;5;249m 
[0m[38;5;249m [0m[38;5;249m [0m[38;5;249m 
[0m[38;5;249mc[0m[38;5;249mo[0m[38;5;249mn[0m[38;5;249ms[0m[38;5;249mt[0m[38;5;249m 
[0m[38;5;249m{[0m[38;5;249m [0m[38;5;249md[0m[38;5;249me[0m[38;5;249mf[0m[38;5;249ma[0m[38;5;249mu[0m[3
8;5;249ml[0m[38;5;249mt[0m[38;5;249m:[0m[38;5;249m [0m[38;5;249me[0m[38;5;249mb[0m[38;5;249ma[0m[38;5;249
my[0m[38;5;249mT[0m[38;5;249mr[0m[38;5;249ma[0m[38;5;249md[0m[38;5;249mi[0m[38;5;249mn[0m[38;5;249mg[0m
[38;5;249m [0m[38;5;249m}[0m[38;5;249m [0m[38;5;249m=[0m[38;5;249m 
[0m[38;5;249ma[0m[38;5;249mw[0m[38;5;249ma[0m[38;5;249mi[0m[38;5;249mt[0m[38;5;249m [0m[38;5;249mi[0m[3
8;5;249mm[0m[38;5;249mp[0m[38;5;249mo[0m[38;5;249mr[0m[38;5;249mt[0m[38;5;249m([0m"../services/ebay_trading"
[38;5;249m)[0m[38;5;249m;[0m
 [38;5;240m   Γöé[0m                                                        
ΓöÇΓöÇΓöÇΓöÇΓöÇΓöÇΓöÇΓöÇΓöÇΓöÇΓöÇΓöÇΓöÇΓö¼ΓöÇΓöÇΓöÇΓöÇΓöÇΓöÇΓöÇΓöÇΓöÇΓöÇΓöÇΓöÇ  
 [38;5;240m   Γöé[0m                                                                     
Γò░ΓöÇΓöÇΓöÇΓöÇΓöÇΓöÇΓöÇΓöÇΓöÇΓöÇΓöÇΓöÇΓöÇΓöÇ Module not found.
 [38;5;240m   Γöé[0m 
 [38;5;240m   Γöé[0m [38;5;115mHelp[0m: 'src/pages/Settings.jsx' is imported by the following path:
 [38;5;240m   Γöé[0m         - src/pages/Settings.jsx
 [38;5;240m   Γöé[0m         - src/App.jsx
 [38;5;240m   Γöé[0m         - src/main.jsx
 [38;5;240m   Γöé[0m         - index.html
[38;5;246mΓöÇΓöÇΓöÇΓöÇΓò»[0m

...[31m
    at aggregateBindingErrorsIntoJsError (file:///C:/Users/HP/.gemini/antigravity/scratch/ebay-dropship-ai/node_modules
/rolldown/dist/shared/error-w0u7biK-.mjs:48:18)
    at unwrapBindingResult (file:///C:/Users/HP/.gemini/antigravity/scratch/ebay-dropship-ai/node_modules/rolldown/dist
/shared/error-w0u7biK-.mjs:18:128)
    at #build (file:///C:/Users/HP/.gemini/antigravity/scratch/ebay-dropship-ai/node_modules/rolldown/dist/shared/rolld
own-build-DtGk-m96.mjs:3313:34)
    at async buildEnvironment 
(file:///C:/Users/HP/.gemini/antigravity/scratch/ebay-dropship-ai/node_modules/vite/dist/node/chunks/node.js:32954:64)
    at async Object.build 
(file:///C:/Users/HP/.gemini/antigravity/scratch/ebay-dropship-ai/node_modules/vite/dist/node/chunks/node.js:33376:19)
    at async Object.buildApp 
(file:///C:/Users/HP/.gemini/antigravity/scratch/ebay-dropship-ai/node_modules/vite/dist/node/chunks/node.js:33373:153)
    at async CAC.<anonymous> 
(file:///C:/Users/HP/.gemini/antigravity/scratch/ebay-dropship-ai/node_modules/vite/dist/node/cli.js:778:3) {
  errors: [Getter/Setter]
}[39m
